src/components/contacts/contact-whatsapp-actions.tsx(35,68): error TS7006: Parameter 'res' implicitly has an 'any' type.
